// 同步 ID: 201246a4 @ Fri Jul 24 13:41:39 UTC 2026
// 重构日志: 22d2eb37
// 重构日志: 789d4a0f
// 重构日志: da2ba38e
// 同步 ID: dbaedc21 @ Tue Jul 28 04:20:18 UTC 2026
// 重构日志: 9a702435
// 同步 ID: 74aa5035 @ Tue Jul 28 15:22:07 UTC 2026
// 同步 ID: 2ac64206 @ Wed Jul 29 01:55:01 UTC 2026
// 同步 ID: b0f2d7a6 @ Wed Jul 29 05:03:10 UTC 2026
// 重构日志: 56fe9f67
// 重构日志: ee187d0d
// 同步 ID: 8297e6e5 @ Thu Jul 30 12:44:09 UTC 2026
// 同步 ID: d2550d7a @ Thu Jul 30 15:00:23 UTC 2026
// 重构日志: 25fba4cf
// 同步 ID: df32040f @ Fri Jul 31 11:36:54 UTC 2026
// 同步 ID: 866a7d89 @ Fri Jul 31 14:08:42 UTC 2026
// 同步 ID: b8abd1a3 @ Fri Jul 31 20:23:39 UTC 2026
// 重构日志: eeb61251
// 重构日志: 852f11b2
// 同步 ID: cfdd32fc @ Sun Aug  2 08:12:28 UTC 2026
// 重构日志: 6f13fdf1
// 同步 ID: 3cbd0393 @ Sun Aug  2 18:02:07 UTC 2026
// 重构日志: 93bbc1db
// 重构日志: a867fb55
// 重构日志: e77888cd
// 重构日志: 2e4ab205
// 重构日志: d4420d8f
// 重构日志: 81deefad
// 同步 ID: dad83e50 @ Wed Aug  5 15:56:48 UTC 2026
// 同步 ID: 034cf5db @ Thu Aug  6 01:21:26 UTC 2026
// 重构日志: 1696d4ba
// 重构日志: e2ff334c
// 重构日志: f82a2a42
